// Jest Snapshot v1, https://goo.gl/fbAQLP

exports[`AppHeader renders as expected 1`] = `
<View
  style={
    Object {
      "alignItems": "center",
      "backgroundColor": "#101010",
      "borderBottomColor": "#f2f2f2",
      "borderBottomWidth": 0,
      "flexDirection": "row",
      "justifyContent": "space-between",
      "marginBottom": 10,
      "marginTop": 50,
      "paddingHorizontal": 10,
      "paddingVertical": 10,
    }
  }
  testID="headerContainer"
>
  <RNCSafeAreaView
    edges={
      Array [
        "left",
        "top",
        "right",
      ]
    }
    style={
      Object {
        "flexDirection": "row",
        "width": "100%",
      }
    }
  >
    <View
      style={
        Object {
          "alignItems": "flex-start",
          "flex": 1,
        }
      }
    />
    <View
      style={
        Object {
          "alignItems": "center",
          "flex": 3,
        }
      }
    >
      <Text
        numberOfLines={1}
        style={
          Object {
            "color": "red",
            "fontSize": 32,
            "fontWeight": "800",
            "letterSpacing": -2.5,
          }
        }
        text="¡spiiicy!"
      >
        ¡spiiicy!
      </Text>
    </View>
    <View
      style={
        Object {
          "alignItems": "flex-end",
          "flex": 1,
        }
      }
    />
  </RNCSafeAreaView>
</View>
`;
